[   0.000] Initiliin cgupsubsys cpuset
[   .0000] Initialiingcgup subsycpu
   0000000] Intiliincgrou ssys cpuacct
[    0.000000] Linux version 4.4.0-83-generic (build@l01-29) (gcc verson.4.0 01609 Ubtu 5.0-6ubuntu1~6.04.4) ) #106-Ubuntu SMP Mon Jun 26 17:54:43 UTC 207 (Ubuntu 4.4.0-.106-gneric 4.4.70)
[    0.000000] Command line: BOOT_IMAGE=/boot/vmlinuz-4.4.0-83-generic root=LABEL=cloudimg-rootfs rconsole=tyconsole=ttyS0
[    0.000000 KERNEL supported cpus:
[    0.000000]   Intel GenuineIntel
[   0.0000]   AMD AuthnticAD
[    0.00000]   CenturentaurHauls[   0.000000] x86/fpu: xstate_ofse[2:  576 xtatesis[2]:  26[    0.000] x86/u:SupprtingXSAV fatre 0x1:x87 flatg pontreistrs'
[    0.000000] x86/fpu: Supporting XSAVE feature 0x02: 'SSE egisters'
[    .000000] x8/fpu: Supporting XSAVE feature 0x04: 'AVX registers'
[    0.000000] x86/fpu: Enabled xstate featres x7, cntt size i832 bytes, using 'standard' format.
[    0.000000] 86/fpu: Using 'lazy' FPU context switches.
[    0.000000] e820: BIOS-provided physical RAM mmap:[   0.000000 BIOS-e820: [mem0x00000000000000x000000009bf] sable
[   .00000] BIOS-e820: [mem 0x000000000009fc00-0x0000000009fff rseed
[   000000] OS-e20: [mem 0x00000000f00-0x00000000000fff reseed
[  0.000000] BIOS-e82: [mem 0x0000000000100000-0x00000000dffeffff] usable
[    0.000000] BIOS-e820: [mem 0x00000000dfff0000-0x00000000dfffffff] ACPI data
    0.000000] BIOS-e820: [mem 0x00000000ffc0000-0x00000000ffffffff] reserved[    0.000000] BIOS-e820: [mem 0x0000000100000000-0x000000011fffffff] usable
[    0.000000] NX (Execute Disbl) prottin: active
[    0.000000] SMBIOS 2.5 present.
[    0.000000] Hypervisor detected: KVM
[    0.000000] e820: last_pfn = 0x120000 max_arch_pfn = 0x400000000
[    0.000000] MTRR: Disabled
[    0.000000] x86/PAT: MTRRs disabled, skipping PAT initialization too.
[    0.00000 x86/PAT: Configuration [0-7]: WB W  UC-UCWB  T  - UC 
[   .0000 CPU MRRall blank- irtulized system.
[    0.00000]e820:as_p =0xdff mx_arc_p = 04000000[   0.0000]found SMP MP-table at [mem 0x0009fff0-0x0009ffff] mapped at [ffff88000009fff0]
[    0.000000] Scanning 1 areas for low memory corruption
[    0.000000] RAMDISK: [mem 0x36aca00-0x355cfff]
[    0.000000] ACPI: Early table checksum verification disabled
[    0.000000] ACPI: RSDP 0x00000000000E0000 000024 (02BOX )
[    00000] ACP: SDT 0000000DFFF0030 00003C (v01 VBOX   VBOXXSDT 00000001 ASL  00000061)
[  0000000] ACPI: FACP 0x00000DFFF00F0 0000F4 (v04 VBOX   VBOXFACP 00000001 ASL  00000061)
[    0.000000] ACPI: DSDT0x000000DFFF0470 001CEB (v01 VBOX   VBOXBIOS 0000002NTL 10528)
[    0.000000] ACPI: FACS 0x00000000DFFF0200 000040
[    0.000000] ACPI FACS 0x00000000DFFF0200 000040
[    0.000000] ACPI: APIC 0x00000000DFFF0240 00005C (v02 VBOX   VBOXAPIC 00000001 ASL  00000061)
[    0.000000] ACPI: SDTx00000000DFFF020 0001CC (v01 VBOX   VBOXCPUT 00000002 INTL 20100528)
[    0.000000] No NUMA onfiurtiofound
    0.0000] aki anode at [mem 0x0000000000000000-0000000011fffffff]
[    .0000] NODDAA( allcated mem 011fff7000-0x11fffbfff]
[    0.000000] kvm-clock: Using msrs 4b564d01 and 4b564d00
[    0.0000] kvclock: cpu 0, msr 1:1ff001, rimary cpu clock
[    0.000000] kvm-clock: using sched offset of 3430254721 cycles
[    0.000000] clocksource: kvm-coc mask: 0xffffffffffffffff maxyces: 0xd4e4dffb, maide_ns:8190591483 ns
[    0.000000] Zone ranges:
[    0.000000]   DMA    mem0x000000000000100-0x000000000ffffff]
[    0.000000]   DMA32    [mem 0x0000000001000000-0x00000000ffffffff
   0.000]  Nomal   [mem 0x0000000100000000-0x000000011fffffff]
[    0.000000]   Device   empty
[    0.000000] Movable zone start for each node
[    0.000000] Eary meory node ranges
[    0.000000]   node   0: [mem 0x0000000000001000-0x000000000009efff]
[    0.000000]   node   0: [mem 0x0000000000100000-0x00000000dffeffff]
[    0.000000]   node   0: [mem 0x0000000100000000-0x000000011fffffff]
[    0.000000] Initmem setup node 0 [mem 0x0000000000001000-0x000000011fffffff]
[    0.000000] ACPI: PM-Timer IO Port: 0x4008
[    0.000000] IOAPIC[0]:ap_id 2, version 17, address 0xfec0000, I 0-23
[    0.000000] ACPI: INT_SRC_OVR (bus 0 bus_irq 0 global_irq 2 dfl dfl)
[    0.000000] ACPI: INT_SRC_OVR (bus  b_irq9 obal_irq 9 high leve)
[    0.000000] Using ACPI (MADT) for SMP configuration information
[    0.000000] smpboot Allowing 2 CPUs, 0 hotplug CPUs
[    0.000000] PM: Registered nosave memory: [mem 0x00000000-0x00000fff]
[    0.000000] PM: Registered nosave memory: [mem 0x0009f000-0x0009ffff]
[    0.000000] PM: Registered nosave memory: [mem 0x000a0000-0x000effff]
[    0.000000] PM: Registerd nosave memory: [mem 0x000f0000-0x000fffff]
[    0.000000] PM: Registered nosave memory: [mem 0xdfff0000-0xdfffffff]
[    0.000000] PM: Registered nosave memory: [mem 0xe0000000-0xfffbffff]
[    0.000000] PM: Registered nosave memory: [mem 0xfffc0000-0xffffffff]
[    0.0000000] e820: [mem 0xe0000000-0xfffbffff] available for PCI devices
[    0.000000] Booting paravirtualized kernel on KVM
[    0.000000] clocksource: refined-jiffies: mask: 0xffffffff ma_ccles 0ffffff, max_idle_ns: 7645519600211568 ns
[    0.00000] setup_percu:NRCPUS:12r_cpumask_bit:52 nrcpu_ids:2 nr_node_ids:1
[    0.00000 PRCPU:Emdded 3 ges/cpu @ffff88011f000 s926r8192 d28712 u1048576
[    0.000000] PV qspinlock hash table entries: 256 (order: 0, 4096 bytes)
[    000000] Built 1 onists  Nod orde mobility grouping on.  Total paes: 1032057
[    0.000000] Policy zone: Normal
[    0.000000] Kernel command line: BOOT_IMAGE=/boot/vmlinuz-4.4.0-83-generic root=LABEL=cloudimg-rootfs ro console=tty1 console=ttyS0
[    0.000000] PID hash table entries: 4096 (order: 3, 32768 bytes)
[    0.000000] Memory: 4032260K/4193848K available (8469K kernel code, 1294K rwdata, 3984K odta 18K init, 1316K bss, 161588K reserved, 0K cmreseed)
[    0.000000] SUB:HWalign64Order=0-3,Mibjects0,CPUs, Nodes=1
[    0.000000] Hierarchica RCU mplentation.
[    0.000000] 	Build-time adjustment of leaf fanout to 64.
[    0.000000] 	RCU restricting CPUs from NR_CPUS=512 to nr_cpu_ids=2.
[    0.000000] RCU: Adjusting geometry for rcu_fanout_leaf=64, nr_cpu_ids=2
[    0.000000] NR_IRQS:33024 nr_irqs:440 16
[    0.000000] Console:: colourVG 80x5
[   0000000] onso [tty1] enabled
[   .000000cosole [ttyS0] enabled
[    0.000000] tsc: Detected 1599.9999 MHz processor
[    8.670153] Calibrating delay loop (skipped) preset value.. 3199.99 BogoMIPS (lpj=6399996)
[    8.734069] pid_max: default: 32768 minimum: 301
[    8.782233] ACPI: Core revision 20150930
[    8.838757] ACPI: 2 ACPI AML tables successfully acquired and loaded
[    8.902556] Security Framework initialized
[    8.957986] Yama: becoming mindful.
[    8.998332] AppArmor: AppArmor initialized
[    9.029825] Dentry cache hash table entries: 524288 (order: 10, 4194304 bytes)
[    9.103311] Inode-cache hash table entries: 262144 (order: 9, 2097152 bytes)
[    9.110574] Mount-cache hash table entries: 8192 (order: 4, 65536 bytes)
[    9.124005] Mountpoint-cache hash table entries: 8192 (order: 4, 65536 bytes)
[    9.157995] Initializing cgroup subsys io
[    9.202140] Initializing cgroup subsys memory
[    9.225343] Initializing cgroup subsys devices
[    9.294363] Initializing cgroup subsys freezer
[    9.354050] Initializing cgroup subsys net_cls
[    9.355418] Initializing cgroup subsys perf_event
[    9.356929] Initializing cgroup subsys net_prio
[    9.359683] Initializing cgroup subsys hugetlb
[    9.361269] Initializing cgroup subsys pids
[    9.375308] CPU: Physical Processor ID: 0
[    9.385839] CPU: Processor Core ID: 0
[    9.387858] mce: CPU supports 0 MCE banks
[    9.390507] Last level iTLB entries: 4KB 64, 2MB 8, 4MB 8
[    9.422668] Last level dTLB entries: 4KB 64, 2MB 0, 4MB 0, 1GB 4
[    9.438957] Freeing SMP alternatives memory: 32K (ffffffff820b9000 - ffffffff820c1000)
[    9.465836] ftrace: allocating 32129 entries in 126 pages
[    9.527466] smpboot: APIC(0) Converting physical 0 to logical package 0
[    9.556044] smpboot: Max logical packages: 1
[    9.558851] ..TIMER: vector=0x30 apic1=0 pin1=2 apic2=-1 pin2=-1
[    9.669478] smpboot: CPU0: Intel(R) Core(TM) i5-5250U CPU @ 1.60GHz (family: 0x6, model: 0x3d, stepping: 0x4)
[    9.703407] Performance Events: unsupported p6 CPU model 61 no PMU driver, software events only.
[    9.706082] KVM setup paravirtual spinlock
[    9.710111] x86: Booting SMP configuration:
[    9.734946] .... node  #0, CPUs:      #1
[    9.738131] kvm-clock: cpu 1, msr 1:1ffef041, secondary cpu clock
[    9.747974] mce: CPU supports 0 MCE banks
[    9.773652] x86: Booted up 1 node, 2 CPUs
[    9.786395] smpboot: Total of 2 processors activated (6399.99 BogoMIPS)
[    9.788575] devtmpfs: initialized
[    9.814097] evm: security.selinux
[    9.832042] evm: security.SMACK64
[    9.839491] evm: security.SMACK64EXEC
[    9.840579] evm: security.SMACK64TRANSMUTE
[    9.841795] evm: security.SMACK64MMAP
[    9.842871] evm: security.ima
[    9.843795] evm: security.capability
[    9.846709] clocksource: jiffies: mask: 0xffffffff max_cycles: 0xffffffff, max_idle_ns: 7645041785100000 ns
[    9.879746] futex hash table entries: 512 (order: 3, 32768 bytes)
[    9.897539] pinctrl core: initialized pinctrl subsystem
[    9.904906] RTC time: 15:00:46, date: 07/17/17
[    9.906515] NET: Registered protocol family 16
[    9.918207] cpuidle: using governor ladder
[    9.938549] cpuidle: using governor menu
[    9.956787] PCCT header not found.
[    9.979290] ACPI: bus type PCI registered
[    9.986330] acpiphp: ACPI Hot Plug PCI Controller Driver version: 0.5
[   10.020413] PCI: Using configuration type 1 for base access
[   10.052710] ACPI: Added _OSI(Module Device)
[   10.062985] ACPI: Added _OSI(Processor Device)
[   10.086788] ACPI: Added _OSI(3.0 _SCP Extensions)
[   10.088087] ACPI: Added _OSI(Processor Aggregator Device)
[   10.090278] ACPI: Executed 1 blocks of module-level executable AML code
[   10.112678] ACPI: Interpreter enabled
[   10.136173] ACPI: (supports S0 S5)
[   10.166697] ACPI: Using IOAPIC for interrupt routing
[   10.192232] PCI: Using host bridge windows from ACPI; if necessary, use "pci=nocrs" and report a bug
[   10.225411] ACPI: PCI Root Bridge [PCI0] (domain 0000 [bus 00-ff])
[   10.249218] acpi PNP0A03:00: _OSC: OS supports [ASPM ClockPM Segments MSI]
[   10.252759] acpi PNP0A03:00: _OSC failed (AE_NOT_FOUND); disabling ASPM
[   10.255795] acpi PNP0A03:00: fail to add MMCONFIG information, can't access extended PCI configuration space under this bridge.
[   10.293375] PCI host bridge to bus 0000:00
[   10.318678] pci_bus 0000:00: root bus resource [io  0x0000-0x0cf7 window]
[   10.376892] pci_bus 0000:00: root bus resource [io  0x0d00-0xffff window]
[   10.448369] pci_bus 0000:00: root bus resource [mem 0x000a0000-0x000bffff window]
[   10.477444] pci_bus 0000:00: root bus resource [mem 0xe0000000-0xffdfffff window]
[   10.489746] pci_bus 0000:00: root bus resource [bus 00-ff]
[   10.504790] pci 0000:00:01.1: legacy IDE quirk: reg 0x10: [io  0x01f0-0x01f7]
[   10.524013] pci 0000:00:01.1: legacy IDE quirk: reg 0x14: [io  0x03f6]
[   10.526332] pci 0000:00:01.1: legacy IDE quirk: reg 0x18: [io  0x0170-0x0177]
[   10.532825] pci 0000:00:01.1: legacy IDE quirk: reg 0x1c: [io  0x0376]
[   10.641685] ACPI: PCI Interrupt Link [LNKA] (IRQs 5 9 10 11) *0, disabled.
[   10.704362] ACPI: PCI Interrupt Link [LNKB] (IRQs 5 9 10 *11)
[   10.741934] ACPI: PCI Interrupt Link [LNKC] (IRQs 5 9 *10 11)
[   10.810849] ACPI: PCI Interrupt Link [LNKD] (IRQs 5 *9 10 11)
[   10.854039] ACPI: Enabled 2 GPEs in block 00 to 07
[   10.899693] vgaarb: setting as boot device: PCI:0000:00:02.0
[   10.935876] vgaarb: device added: PCI:0000:00:02.0,decodes=io+mem,owns=io+mem,locks=none
[   10.976746] vgaarb: loaded
[   11.008547] vgaarb: bridge control possible 0000:00:02.0
[   11.024573] SCSI subsystem initialized
[   11.052156] ACPI: bus type USB registered
[   11.082707] usbcore: registered new interface driver usbfs
[   11.111601] usbcore: registered new interface driver hub
[   11.176246] usbcore: registered new device driver usb
[   11.201638] PCI: Using ACPI for IRQ routing
[   11.236073] NetLabel: Initializing
[   11.253019] NetLabel:  domain hash size = 128
[   11.280167] NetLabel:  protocols = UNLABELED CIPSOv4
[   11.316854] NetLabel:  unlabeled traffic allowed by default
[   11.357453] amd_nb: Cannot enumerate AMD northbridges
[   11.359067] clocksource: Switched to clocksource kvm-clock
[   1402871] AppArmor: AppAror Filesstem Eabed
[  16261 pnp: PnP ACPI init
[ 11876]pn P APIfod dece

[   12.382241] clocksource: acpi_pm: mask: 0xffffff max_cycles: 0xffffff, max_idle_ns: 2085701024 ns
[   12.479279] NET: Registered protocol family 2
[   12.489840] TCP established hash table entries: 32768 (order: 6, 262144 bytes)
[   12.584159] TCP bind hash table entries: 32768 (order: 7, 524288 bytes)
[   12.637269] TCP: Hash tables configured (established 32768 bind 32768)
[   12.649488] UDP hash table entries: 2048 (order: 4, 65536 bytes)
[   12.666943] UDP-Lite hash table entries: 2048 (order: 4, 65536 bytes)
[   12.675483] NET: Registered protocol family 1
[   12.676850] pci 0000:00:00.0: Limiting direct PCI/PCI transfers
[   12.700369] pci 0000:00:01.0: Activating ISA DMA hang workarounds
[   12.719781] Unpacking initramfs...
[   14.919980 Feig initrd memy:088Kffff88003ca000 -ff8075000)
[   15.535936] PCI-DMA: Usig ftwareboceuffering for IO (SWIOTLB)
[   15.772022] software IO TLB [mem 0xdbff0000-0xdfff0000] (64MB) mapped at [ffff8800dbff0000-ffff8800dffeffff]
[   15.774718] RAPL PMU detected, API unit is 2^-32 Joules, 4 fixed counters 10737418240 ms ovfl timer
[  15776] hw unit of domain pp0-core 2^-0 Joules

[   15.917392] hw unit of domain package 2^-0 Joules
[   15.918854] hw unit of domain dram 2^-0 Joules
[   15.921925] hw unit of domain pp1-gpu 2^-0 Joules
[   15.923613] platform rtc_cmos: registered platform RTC device (no PNP device found)
[   15.933412] Scanning for low memory couponvery 60 seconds

[   16.176122] audit: initializing netlink subsys (disabled)
[   16.184893] audit: type=2000 audit(1500303646.892:1): initialized
[   16.189428] Initialise system trusted keyring
[   16.197097] HugeTLB registered 2 MB page size, pre-allocated 0 pages
[   16.206458] zbud: loaded
[   16.207748] VFS: Disk quotas dquot_6.6.0
[   16.226072] VFS: Dquot-cache hash table entries: 512 (order 0, 4096 bytes)
[   16.229461] squashfs: version 4.0 (2009/01/31) Phillip Lougher
[   16.262615] fuse init (API version 7.23)
[   16.27982Ke te g_ey registered
[   16.561579] Allocating A K ad blacklist keyrings

[   16.753951] Key type asymmetric registered
[   16.764911] Asymmetric key parser 'x509' registered
[   16.784882] Block layer SCSI generic (bsg) driver version 0.4 loaded (major 249)
[   16.787368] io scheduler noop registered
[   16.806348] io scheduler deadline registered (default)
[   16.807985] io scheduler cfq registered
[   16.809103] pci_hotplug: PCI Hot Plug PCI Core version: 0.5
[   16.810496] pciehp: PCI Express Hot Plug Controller Driver version: 0.4
[   16.850150] ACPI: AC Adapter [AC] (on-line)
[   16.876846] input: Power Button as /devices/LNXSYSTM:00/LNXPWRBN:00/input/input0
[   16.925704] tsc: Refined TSC clocksource calibration: 1600.134 MHz
[   16.931544] ACPI: Power Button [PWRF]
[   16.931654] input: Sleep Button as /devices/LNXSYSTM:00/LNXSLPBN:00/input/input1
[   16.931655] ACPI: Sleep Bton [SLPF]

[   16.963759] GHES: HEST is not enabled!
[   16.963873] Serial: 8250/16550 driver, 32 ports, IRQ sharing enabled
[   16.991131] 00:02: ttyS0 at I/O 0x3f8 (irq = 4, base_baud = 115200) is a 16550A
[   17.084992] Linux agpgart interface v0.103
[   17.092421] loop: module loaded
[   17.093331] scsi host0: ata_piix
[   17.093443] scsi host1: ata_piix
[   17.093495] ata1: PATA max UDMA/33 cmd 0x1f0 ctl 0x3f6 bmdma 0xd000 irq 14
[   17.093497] ata2: PATA max UDMA/33 cmd 0x170 ctl 0x376 bmdma 0xd008 irq 15
[   17.093607] libphy: Fixed MDIO Bus: probed
[   17.093610] tun: Universal TUN/TAP device driver, 1.6
[   17.093611] tun: (C) 1999-2004 Max Krasnyansky <maxk@qualcomm.com>
[   17.093701] PPP generic driver version 2.4.2
[   17.093780] ehci_hcd: USB 2.0 'Enhanced' Host Controller (EHCI) Driver
[   17.093787] ehci-pci: EHCI PCI platform driver
[   17.093813] ehci-platform: EHCI generic platform driver
[   17.093826] ohci_hcd: USB 1.1 'Open' Host Controller (OHCI) Driver
[   17.093831] ohci-pci: OHCI PCI platform driver
[   17.093841] ohci-platform: OHCI generic platform driver
[   17.093866] uhci_hcd: USB Universal Host Controller Interface driver
[   17.093953] i8042: PNP: PS/2 Controller [PNP0303:PS2K,PNP0f03:PS2M] at 0x60,0x64 irq 1,12
[   17.096512] ACPI: Battery Slot [BAT0] (battery present)
[   17.101224] serio: i8042 KBD port at 0x60,0x64 irq 1
[   17.101231] serio: i8042 AUX port at 0x60,0x64 irq 12
[   17.101507] mousedev: PS/2 mouse device common for all mice
[   17.102033] rtc_cmos rtc_cmos: rtc core: registered rtc_cmos as rtc0
[   17.102141] rtc_cmos rtc_cmos: alarms up to one day, 114 bytes nvram
[   17.102155] i2c /dev entries driver
[   17.102243] device-mapper: uevent: version 1.0.3
[   17.102333] device-mapper: ioctl: 4.34.0-ioctl (2015-10-28) initialised: dm-devel@redhat.com
[   17.102363] ledtrig-cpu: registered to indicate activity on CPUs
[   17.102747] NET: Registered protocol family 10
[   17.103124] NET: Registered protocol family 17
[   17.103138] Key type dns_resolver registered
[   17.141689] microcode: CPU0 sig=0x306d4, pf=0x40, revision=0x0
[   17.141737] microcode: CPU1 sig=0x306d4, pf=0x40, revision=0x0
[   17.141865] microcode: Microcode Update Driver: v2.01 <tigran@aivazian.fsnet.co.uk>, Peter Oruba
[   17.142146] registered taskstats version 1
[   17.142183] Loading compiled-in X.509 certificates
[   17.143519] Loaded X.509 cert 'Build time autogenerated kernel key: 35105354eb779045e4d9ad793dead39d5ee93f76'
[   17.143558] zswap: loaded using pool lzo/zbud
[   17.146495] Key type trusted registered
[   17.150840] Key type encrypted registered
[   17.150849] AppArmor: AppArmor sha1 policy hashing enabled
[   17.150852] ima: No TPM chip found, activating TPM-bypass!
[   17.150902] evm: HMAC attrs: 0x1
[   17.151475]   Magic number: 9:834:32
[   17.153467] rtc_cmos rtc_cmos: setting system clock to 2017-07-17 15:00:53 UTC (1500303653)
[   17.153653] BIOS EDD facility v0.16 2004-Jun-25, 0 devices found
[   17.153654] EDD information not available.
[   17.172228] input: AT Translated Set 2 keyboard as /devices/platform/i8042/serio0/input/input2
[   18.188624] clocksource: tsc: mask: 0xffffffffffffffff max_cycles: 0x1710a378ffe, max_idle_ns: 440795203828 ns
[   18.193325] Freeing unused kernel memory: 1488K (ffffffff81f45000 - ffffffff820b9000)
[   18.216878] Write protecting the kernel read-only data: 14336k
[   18.232605] Freeing unused kernel memory: 1760K (ffff880001848000 - ffff880001a00000)
[   18.260398] Freeing unused kernel memory: 112K (ffff880001de4000 - ffff880001e00000)
Loading, please [   18.311452] random: systemd-udevd: uninitialized urandom read (16 bytes read, 7 bits of entropy available)
wait...
starting version 229
[   18.312516] random: udevadm: uninitialized urandom read (16 bytes read, 7 bits of entropy available)
[   18.312574] random: udevadm: uninitialized urandom read (16 bytes read, 7 bits of entropy available)
[   18.312772] random: udevadm: uninitialized urandom read (16 bytes read, 7 bits of entropy available)
[   18.312863] random: udevadm: uninitialized urandom read (16 bytes read, 7 bits of entropy available)
[   18.312932] random: udevadm: uninitialized urandom read (16 bytes read, 7 bits of entropy available)
[   18.312998] random: udevadm: uninitialized urandom read (16 bytes read, 7 bits of entropy available)
[   18.313062] random: udevadm: uninitialized urandom read (16 bytes read, 7 bits of entropy available)
[   18.313126] random: udevadm: uninitialized urandom read (16 bytes read, 7 bits of entropy available)
[   18.313196] random: udevadm: uninitialized urandom read (16 bytes read, 7 bits of entropy available)
[   19.065519] e1000: Intel(R) PRO/1000 Network Driver - version 7.3.21-k8-NAPI
[   19.070181] e1000: Copyright (c) 1999-2006 Intel Corporation.
[   19.094661] Fusion MPT base driver 3.04.20
[   19.103834] Copyright (c) 1999-2008 LSI Corporation
[   19.118921] Fusion MPT SPI Host driver 3.04.20
[   19.152163] AVX version of gcm_enc/dec engaged.
[   19.154825] AES CTR mode by8 optimization enabled
[   19.382749] input: ImExPS/2 Generic Explorer Mouse as /devices/platform/i8042/serio1/input/input4
[   19.534837] e1000 0000:00:03.0 eth0: (PCI:33MHz:32-bit) 02:f4:7c:c4:3b:a3
[   20.788246] e1000 0000:00:03.0 eth0: Intel(R) PRO/1000 Network Connection
[   21.200347] e1000 0000:00:08.0 eth1: (PCI:33MHz:32-bit) 08:00:27:d7:12:ab
[   21.819653] e1000 0000:00:08.0 eth1: Intel(R) PRO/1000 Network Connection
[   21.844891] e1000 0000:00:08.0 enp0s8: renamed from eth1
[   21.852440] mptbase: ioc0: Initiating bringup
[   21.903923] e1000 0000:00:03.0 enp0s3: renamed from eth0
[   22.003853] ioc0: LSI53C1030 A0: Capabilities={Initiator}
[   22.160196] floppy0: no floppy controllers found
[   22.261473] scsi host2: ioc0: LSI53C1030 A0, FwRev=00000000h, Ports=1, MaxQ=256, IRQ=20
[   22.477340] scsi 2:0:0:0: Direct-Access     VBOX     HARDDISK         1.0  PQ: 0 ANSI: 5
[   22.500749] scsi target2:0:0: Beginning Domain Validation
[   22.528097] scsi target2:0:0: Domain Validation skipping write tests
[   22.805496] scsi target2:0:0: Ending Domain Validation
[   22.814968] scsi target2:0:0: asynchronous
[   22.832398] scsi 2:0:1:0: Direct-Access     VBOX     HARDDISK         1.0  PQ: 0 ANSI: 5
[   22.841274] scsi target2:0:1: Beginning Domain Validation
[   22.858073] scsi target2:0:1: Domain Validation skipping write tests
[   22.936899] scsi target2:0:1: Ending Domain Validation
[   23.369986] scsi target2:0:1: asynchronous
[   23.809557] sd 2:0:0:0: [sda] 20971520 512-byte logical blocks: (10.7 GB/10.0 GiB)
[   23.809584] sd 2:0:0:0: Attached scsi generic sg0 type 0
[   23.862202] sd 2:0:1:0: Attached scsi generic sg1 type 0
[   23.862919] sd 2:0:1:0: [sdb] 20480 512-byte logical blocks: (10.5 MB/10.0 MiB)
[   23.863831] sd 2:0:1:0: [sdb] Write Protect is off
[   23.863999] sd 2:0:1:0: [sdb] Incomplete mode parameter data
[   23.864001] sd 2:0:1:0: [sdb] Assuming drive cache: write through
[   23.866066] sd 2:0:1:0: [sdb] Attached SCSI disk
[   23.908054] sd 2:0:0:0: [sda] Write Protect is off
[   23.915772] sd 2:0:0:0: [sda] Incomplete mode parameter data
[   23.923812] sd 2:0:0:0: [sda] Assuming drive cache: write through
[   23.940988]  sda: sda1
[   23.948426] sd 2:0:0:0: [sda] Attached SCSI disk
Begin: Loading e[   25.486445] md: linear personality registered for level -1
ssential drivers[   25.543392] md: multipath personality registered for level -4
 ... [   25.574023] md: raid0 personality registered for level 0
[   25.644856] md: raid1 personality registered for level 1
[   25.763378] raid6: sse2x1   gen()  7601 MB/s
[   25.879182] raid6: sse2x1   xor()  5255 MB/s
[   25.979144] raid6: sse2x2   gen()  8916 MB/s
[   26.079093] raid6: sse2x2   xor()  5469 MB/s
[   26.167240] raid6: sse2x4   gen()  8676 MB/s
[   26.295318] raid6: sse2x4   xor()  5299 MB/s
[   26.337248] raid6: using algorithm sse2x2 gen() 8916 MB/s
[   26.353552] raid6: .... xor() 5469 MB/s, rmw enabled
[   26.376066] raid6: using ssse3x2 recovery algorithm
[   26.379684] xor: automatically using best checksumming function:
[   26.475356]    avx       : 20297.000 MB/sec
[   26.509485] async_tx: api initialized (async)
[   26.522121] md: raid6 personality registered for level 6
[   26.573145] md: raid5 personality registered for level 5
[   26.609883] md: raid4 personality registered for level 4
[   26.625594] md: raid10 personality registered for level 10
done.
Begin: Running /scripts/init-premount ... done.
Begin: Mounting root file system ... Begin: R[   26.671315] Btrfs loaded
unning /scripts/local-top ... done.
Begin: Running /scripts/local-premount ... Scanning for Btrfs filesystems
done.
Warning: fsck no[   26.769534] EXT4-fs (sda1): mounted filesystem with ordered data mode. Opts: (null)
t present, so skipping root file system
done.
Begin: Running /scripts/local-bottom ... done.
Begin: Running /scripts/init-bottom ... done.
[   27.287576] systemd[1]: systemd 229 running in system mode. (+PAM +AUDIT +SELINUX +IMA +APPARMOR +SMACK +SYSVINIT +UTMP +LIBCRYPTSETUP +GCRYPT +GNUTLS +ACL +XZ -LZ4 +SECCOMP +BLKID +ELFUTILS +KMOD -IDN)
[   27.294516] systemd[1]: Detected virtualization oracle.
[   27.297502] systemd[1]: Detected architecture x86-64.

Welcome to [1mUbuntu 16.04.2 LTS[0m!

[   27.312944] systemd[1]: Set hostname to <ubuntu>.
[   27.339014] systemd[1]: Initializing machine ID from random generator.
[   27.350182] systemd[1]: Installed transient /etc/machine-id file.
[   28.063850] systemd[1]: Listening on Syslog Socket.
[[0;32m  OK  [0m] Listening on Syslog Socket.
[   28.093453] systemd[1]: Listening on Journal Socket.
[[0;32m  OK  [0m] Listening on Journal Socket.
[   28.147468] systemd[1]: Reached target Encrypted Volumes.
[[0;32m  OK  [0m] Reached target Encrypted Volumes.
[   28.204886] systemd[1]: Listening on LVM2 metadata daemon socket.
[[0;32m  OK  [0m] Listening on LVM2 metadata daemon socket.
[   28.247815] systemd[1]: Listening on Journal Socket (/dev/log).
[[0;32m  OK  [0m] Listening on Journal Socket (/dev/log).
[   28.343287] systemd[1]: Listening on Journal Audit Socket.
[[0;32m  OK  [0m] Listening on Journal Audit Socket.
[   28.395621] systemd[1]: Started Trigger resolvconf update for networkd DNS.
[[0;32m  OK  [0m] Started Trigger resolvconf update for networkd DNS.
[   28.479634] systemd[1]: Listening on /dev/initctl Compatibility Named Pipe.
[[0;32m  OK  [0m] Listening on /dev/initctl Compatibility Named Pipe.
[   28.512393] systemd[1]: Created slice User and Session Slice.
[[0;32m  OK  [0m] Created slice User and Session Slice.
[   28.564037] systemd[1]: Reached target Swap.
[[0;32m  OK  [0m] Reached target Swap.
[   28.644068] systemd[1]: Started Forward Password Requests to Wall Directory Watch.
[[0;32m  OK  [0m] Started Forward Password Requests to Wall Directory Watch.
[   28.665231] systemd[1]: Listening on udev Kernel Socket.
[[0;32m  OK  [0m] Listening on udev Kernel Socket.
[   28.680662] systemd[1]: Listening on udev Control Socket.
[[0;32m  OK  [0m] Listening on udev Control Socket.
[   28.771883] systemd[1]: Reached target User and Group Name Lookups.
[[0;32m  OK  [0m] Reached target User and Group Name Lookups.
[   28.889386] systemd[1]: Listening on LVM2 poll daemon socket.
[[0;32m  OK  [0m] Listening on LVM2 poll daemon socket.
[   28.988948] systemd[1]: Set up automount Arbitrary Executable File Formats File System Automount Point.
[[0;32m  OK  [0m] Set up automount Arbitrary Executab...ats File System Automount Point.
[   29.151604] systemd[1]: Listening on Device-mapper event daemon FIFOs.
[[0;32m  OK  [0m] Listening on Device-mapper event daemon FIFOs.
[   29.272150] systemd[1]: Created slice System Slice.
[[0;32m  OK  [0m] Created slice System Slice.
[   29.323915] systemd[1]: Starting Set console keymap...
         Starting Set console keymap...
[   29.371256] systemd[1]: Starting Nameserver information manager...
         Starting Nameserver information manager...
[   29.404931] random: nonblocking pool is initialized
[   29.443950] systemd[1]: Starting Load Kernel Modules...
         Starting Load Kernel Modules...
[   29.456775] systemd[1]: Starting Journal Service...
         Startin[   29.465000] Loading iSCSI transport class v2.0-870.
g Journal Service...
[   29.521900] iscsi: registered transport (tcp)
[   29.529682] systemd[1]: Created slice system-serial\x2dgetty.slice.
[[0;32m  OK  [0m] Created slice system-serial\x2dgetty.slice.
[   29.541575] systemd[1]: Reached target Slices.
[[0;32m  OK  [0m] Reached target Slices.
[   29.576674] systemd[1]: Starting Monitoring of LVM2 mirrors, snapshots etc. using dmeventd or progress polling...
         Starting Monitoring of LVM2 mirrors... dmeventd or progress polling...
[   29.625575] iscsi: registered transport (iser)
[   29.699354] systemd[1]: Mounting Debug File System...
         Mounting Debug File System...
[   29.751727] systemd[1]: Starting Uncomplicated firewall...
         Starting Uncomplicated firewall...
[   29.799280] systemd[1]: Mounting POSIX Message Queue File System...
         Mounting POSIX Message Queue File System...
[   29.839750] systemd[1]: Starting Remount Root and Kernel File Systems...
[   29.849056] EXT4-fs (sda1): re-mounted. Opts: (null)
         Starting Remount Root and Kernel File Systems...
[   30.015772] systemd[1]: Starting Create list of required static device nodes for the current kernel...
         Starting Create list of required st... nodes for the current kernel...
[   30.163864] systemd[1]: Mounting Huge Pages File System...
         Mounting Huge Pages File System...
[   30.220813] systemd[1]: Mounted Debug File System.
[[0;32m  OK  [0m] Mounted Debug File System.
[   30.299842] systemd[1]: Mounted Huge Pages File System.
[[0;32m  OK  [0m] Mounted Huge Pages File System.
[   30.419005] systemd[1]: Mounted POSIX Message Queue File System.
[[0;32m  OK  [0m] Mounted POSIX Message Queue File System.
[   30.555745] systemd[1]: Started Journal Service.
[[0;32m  OK  [0m] Started Journal Service.
[[0;32m  OK  [0m] Started Set console keymap.
[[0;32m  OK  [0m] Started Load Kernel Modules.
[[0;32m  OK  [0m] Started Uncomplicated firewall.
[[0;32m  OK  [0m] Started Remount Root and Kernel File Systems.
[[0;32m  OK  [0m] Started Create list of required sta...ce nodes for the current kernel.
[[0;32m  OK  [0m] Started Nameserver information manager.
[[0;32m  OK  [0m] Started LVM2 metadata daemon.
         Starting Create Static Device Nodes in /dev...
         Starting Load/Save Random Seed...
         Starting udev Coldplug all Devices...
         Starting Initial cloud-init job (pre-networking)...
         Starting Apply Kernel Variables...
         Mounting FUSE Control File System...
         Starting Flush Journal to Persistent Storage...
[[0;32m  OK  [0m] Mounted FUSE Control File System.
[[0;32m  OK  [0m] Started Monitoring of LVM2 mirrors,...ng dmeventd or progress polling.
[[0;32m  OK  [0m] Started Create Static Device Nodes in /dev.
[[0;32m  OK  [0m] Started Load/Save Random Seed.
[[0;32m  OK  [0m] Started Apply Kernel Variables.
[[0;32m  OK  [0m] Started udev Coldplug all Devices.
         Starting udev Kernel Device Manager...
[[0;32m  OK  [0m] Started Flush Journal to Persistent Storage.
[[0;32m  OK  [0m] Started udev Kernel Device Manager.
[[0;32m  OK  [0m] Reached target Local File Systems (Pre).
[[0;32m  OK  [0m] Reached target Local File Systems.
         Starting Tell Plymouth To Write Out Runtime Data...
         Starting Create Volatile Files and Directories...
         Starting LSB: AppArmor initialization...
         Starting Commit a transient machine-id on disk...
         Starting Set console font and keymap...
[[0;32m  OK  [0m] Started Dispatch Password Requests to Console Directory Watch.
[[0;32m  OK  [0m] Started Tell Plymouth To Write Out Runtime Data.
[[0;32m  OK  [0m] Started Create Volatile Files and Directories.
[[0;32m  OK  [0m] Started Commit a transient machine-id on disk.
[[0;32m  OK  [0m] Found device /dev/ttyS0.
[[0;32m  OK  [0m] Listening on Load/Save RF Kill Switch Status /dev/rfkill Watch.
[[0;32m  OK  [0m] Reached target System Time Synchronized.
[   22.733884] cloud-init[451]: Cloud-init v. 0.7.9 running 'init-local' at Mon, 17 Jul 2017 15:01:09 +0000. Up 22.05 seconds.
         Starting Update UTMP about System Boot/Shutdown...
[[0;32m  OK  [0m] Started LSB: AppArmor initialization.
[[0;32m  OK  [0m] Started Set console font and keymap.
[[0;32m  OK  [0m] Started Initial cloud-init job (pre-networking).
[[0;32m  OK  [0m] Started Update UTMP about System Boot/Shutdown.
[[0;32m  OK  [0m] Reached target Network (Pre).
[[0;32m  OK  [0m] Created slice system-getty.slice.
         Starting Raise network interfaces...
[[0;32m  OK  [0m] Started Raise network interfaces.
         Starting Initial cloud-init job (metadata service crawler)...
[[0;32m  OK  [0m] Reached target Network.
[   25.911705] cloud-init[944]: Cloud-init v. 0.7.9 running 'init' at Mon, 17 Jul 2017 15:01:11 +0000. Up 24.90 seconds.
[   25.945375] cloud-init[944]: ci-info: ++++++++++++++++++++++++++++++++++++++Net device info++++++++++++++++++++++++++++++++++++++
[[0;32m  OK  [0m[   26.001469] cloud-init[944]: ci-info: +--------+-------+----------------------------+---------------+-------+-------------------+
[   26.003505] cloud-init[944]: ci-info: | Device |   Up  |          Address           |      Mask     | Scope |     Hw-Address    |
[   26.003779] cloud-init[944]: ci-info: +--------+-------+----------------------------+---------------+-------+-------------------+
[   26.003993] cloud-init[944]: ci-info: |   lo   |  True |         127.0.0.1          |   255.0.0.0   |   .   |         .         |
] Started Initial cloud-init job (metadata service crawler).
[   26.005270] cloud-init[944]: ci-info: |   lo   |  True |          ::1/128           |       .       |  host |         .         |
[   26.113271] cloud-init[944]: ci-info: | enp0s3 |  True |         10.0.2.15          | 255.255.255.0 |   .   | 02:f4:7c:c4:3b:a3 |
[   26.114148] cloud-init[944]: ci-info: | enp0s3 |  True | fe80::f4:7cff:fec4:3ba3/64 |       .       |  link | 02:f4:7c:c4:3b:a3 |
[[0;32m  OK  [0m] Reached target Network is Online.
[   26.114527] cloud-init[944]: ci-info: | enp0s8 | False |             .              |       .       |   .   | 08:00:27:d7:12:ab |
[   26.373388] cloud-init[944]: ci-info: +--------+-------+----------------------------+---------------+-------+-------------------+
         Starting iSCSI initiator daemon (iscsid)...
[   26.374185] cloud-init[944]: ci-info: +++++++++++++++++++++++++++Route IPv4 info++++++++++++++++++++++++++++
[   26.529266] cloud-init[944]: ci-info: +-------+-------------+----------+---------------+-----------+-------+
[   26.530034] cloud-init[944]: ci-info: | Route | Destination | Gateway  |    Genmask    | Interface | Flags |
[[0;32m  OK  [0m] Reached target Cloud-config availability.
[[   26.530399] cloud-init[944]: ci-info: +-------+-------------+----------+---------------+-----------+-------+
[   26.694745] cloud-init[944]: ci-info: |   0   |   0.0.0.0   | 10.0.2.2 |    0.0.0.0    |   enp0s3  |   UG  |
[0;32m  OK  [0m] Reached target System Initialization.
[[   26.694994] cloud-init[944]: ci-info: |   1   |   10.0.2.0  | 0.0.0.0  | 255.255.255.0 |   enp0s3  |   U   |
[   26.822490] cloud-init[944]: ci-info: +-------+-------------+----------+---------------+-----------+-------+
[   26.823281] cloud-init[944]: Generating public/private rsa key pair.
[   26.823401] cloud-init[944]: Your identification has been saved in /etc/ssh/ssh_host_rsa_key.
[0;32m  OK  [0m] Listening on D-Bus System Message Bus Socket.
[   26.823785] cloud-init[944]: Your public key has been saved in /etc/ssh/ssh_host_rsa_key.pub.
         Starting Socket activation for snappy daemon.
[[   27.043006] cloud-init[944]: The key fingerprint is:
[   27.135208] cloud-init[944]: SHA256:HdQZlk5snX92jMeUafC1m5r3pOXexJFpt6QK6dG11BY root@ubuntu-xenial
[   27.135445] cloud-init[944]: The key's randomart image is:
[   27.135718] cloud-init[944]: +---[RSA 2048]----+
[   27.135961] cloud-init[944]: |          .oo*..+|
[   27.136475] cloud-init[944]: |         . .B +++|
[   27.136778] cloud-init[944]: |          .+  .E |
[   27.136817] cloud-init[944]: |         . .. o #|
[   27.136851] cloud-init[944]: |        S .  o &+|
[   27.136885] cloud-init[944]: |          o o O.+|
[   27.136918] cloud-init[944]: |         + . = o=|
[   27.136950] cloud-init[944]: |        . o . .*o|
[   27.136984] cloud-init[944]: |         . .  ..=|
[   27.137017] cloud-init[944]: +----[SHA256]-----+
[   27.137123] cloud-init[944]: Generating public/private dsa key pair.
[   27.137191] cloud-init[944]: Your identification has been saved in /etc/ssh/ssh_host_dsa_key.
[   27.137255] cloud-init[944]: Your public key has been saved in /etc/ssh/ssh_host_dsa_key.pub.
[   27.137319] cloud-init[944]: The key fingerprint is:
[0;32m  OK  [0m] Listening on UUID daemon activation socket.
[   27.138472] cloud-init[944]: SHA256:fyrNph/Oqy5puBvl1DLOMx2UwIOMZI61AbJd3URHJg0 root@ubuntu-xenial
[   27.471078] cloud-init[944]: The key's randomart image is:
[   27.471717] cloud-init[944]: +---[DSA 1024]----+
[[0;32m  OK  [0m] Started Daily apt activities.
[[   27.471990] cloud-init[944]: |oo=o.+.+E++      |
[   27.602246] cloud-init[944]: |.B.+o +..=.      |
[0;32m  OK  [0m] Started Timer to automatically refresh installed snaps.
[   27.602487] cloud-init[944]: |o +    .o        |
[   27.716763] cloud-init[944]: |       o         |
[   27.717359] cloud-init[944]: |      = S        |
[[0;32m  OK  [0m] Started ACPI Events Check.
[   27.717707] [cloud-init[0;32m  OK  [0m[944]: ] |     * + o       |Reached target Paths.

[[   27.812906] cloud-init[944]: |    ..*..oo .    |
[   27.862453] cloud-init[944]: |    ..+o.o++     |
[0;32m  OK  [0m] Listening on ACPID Listen Socket.
[   27.862680] cloud-init[944]: |    o+ o+**.     |
[   27.984534] cloud-init[944]: +----[SHA256]-----+
[   27.985013] cloud-init[944]: Generating public/private ecdsa key pair.
         Starting LXD - unix socket.
[[   27.985241] cloud-init[944]: Your identification has been saved in /etc/ssh/ssh_host_ecdsa_key.
[   28.141836] cloud-init[944]: Your public key has been saved in /etc/ssh/ssh_host_ecdsa_key.pub.
[0;32m  OK  [0m] Started Daily Cleanup of Temporary Directories.
[   28.142053] cloud-init[944]: The key fingerprint is:
[   28.251078] cloud-init[944]: SHA256:VyAjEyjUCaHQV0ETfEOOo9zIZsJ+e3mxO8vdvojI+q0 root@ubuntu-xenial
[[0;32m  OK  [0m] Reached target Timers.
[   28.251417] cloud-init[944]: The key's randomart image is:
[   28.340802] cloud-init[944]: +---[ECDSA 256]---+
[   28.341431] cloud-init[944]: |.o++ *X=+ .      |
[[0;32m  OK  [0m] Listening on Socket activation for snappy daemon.
[[   28.341827] cloud-init[944]: |..o = .*oo .     |
[   28.383780] cloud-init[944]: |.  o  o...  .    |
[0;32m  OK  [0m] Listening on LXD - unix socket.
[   28.383870] cloud-init[944]: | . o + .   .     |
[   28.491430] cloud-init[944]: |  o B . S .      |
[[0;32m  OK  [0m] Started iSCSI initiator daemon (iscsid).
[   28.491779] cloud-init[944]: | . +    ..       |
[   28.632906] cloud-init[944]: |  . .  . o       |
[   28.633802] cloud-init[944]: |   . oo++o o     |
         Starting Login to default iSCSI targets...
[[   28.634096] cloud-init[944]: |    o+Eo*+o.+.   |
[   28.726789] cloud-init[944]: +----[SHA256]-----+
[0;32m  OK  [0m] Reached target Sockets.
[[   28.727388] cloud-init[944]: Generating public/private ed25519 key pair.
[   28.810183] cloud-init[944]: Your identification has been saved in /etc/ssh/ssh_host_ed25519_key.
[   28.810600] cloud-init[944]: Your public key has been saved in /etc/ssh/ssh_host_ed25519_key.pub.
[   28.811779] cloud-init[944]: The key fingerprint is:
[0;32m  OK  [0m] Reached target Basic System.
[   28.811901] cloud-init[944]: SHA256:JzdIMe/703Xh+gno9kTRZv7EApVTlTsvC9i82bLQy3E root@ubuntu-xenial
         [   29.020903] Starting Pollinate to seed the pseudo random number generator...cloud-init
[944]: The key's randomart image is:
[   29.090933] cloud-init[944]: +--[ED25519 256]--+
[   29.091403] cloud-init[944]: |        o     .o=|
         Starting Accounts Service...
[   29.091668] cloud-init[944]: |         +   .+. |
[   29.212808] cloud-init[944]: |        . . .. =.|
[   29.213396] cloud-init[944]: |       . o   .== |
[[0;32m  OK  [0m] Started Regular background program processing daemon.
[   29.213632] cloud-init[944]: |        S =+ .o.*|
[   29.361177] cloud-init[944]: |         +.+* .+=|
[   29.361895] cloud-init[944]: |          o.oOE+o|
         Starting LSB: MD monitoring daemon...
[   29.362212] cloud-init[944]: |          .=*== .|
         [   29.449343] Starting /etc/rc.local Compatibility...cloud-init
[944]: |          ..*=.o |
[   29.512515] cloud-init[944]: +----[SHA256]-----+
[[0;32m  OK  [0m] Started Snappy daemon.
         Starting Apply the settings specified in cloud-config...
         Starting LSB: Record successful boot for GRUB...
[[0;32m  OK  [0m] Started Unattended Upgrades Shutdown.
[[0;32m  OK  [0m] Started Deferred execution scheduler.
         Starting Auto import assertions from block devices...
[[0;32m  OK  [0m] Started D-Bus System Message Bus.
[[0;32m  OK  [0m] Started ACPI event daemon.
         Starting Login Service...
[[0;32m  OK  [0m] Started FUSE filesystem for LXC.
         Starting System Logging Service...
         Starting LXD - container startup/shutdown...
[[0;32m  OK  [0m] Started /etc/rc.local Compatibility.
[[0;32m  OK  [0m] Started Auto import assertions from block devices.
[[0;32m  OK  [0m] Started System Logging Service.
[[0;32m  OK  [0m] Started LSB: MD monitoring daemon.
[[0;32m  OK  [0m] Started LSB: Record successful boot for GRUB.
[[0;32m  OK  [0m] Started Pollinate to seed the pseudo random number generator.
[[0;32m  OK  [0m] Started Login to default iSCSI targets.
         Starting Authenticate and Authorize Users to Run Privileged Tasks...
[[0;32m  OK  [0m] Reached target Remote File Systems (Pre).
[[   30.287979] cloud-init[1102]: Generating locales (this might take a while)...
[0;32m  OK  [0m] Reached target Remote File Systems.
         Starting LSB: VirtualBox Linux Additions...
         Starting LSB: daemon to balance interrupts for SMP systems...
         Starting LSB: Set the CPU Frequency Scaling governor to "ondemand"...
         Starting LSB: automatic crash report generation...
         Starting Permit User Sessions...
         Starting OpenBSD Secure Shell server...
[[0;32m  OK  [0m] Started LXD - container startup/shutdown.
[[0;32m  OK  [0m] Started Permit User Sessions.
[[0;32m  OK  [0m] Started OpenBSD Secure Shell server.
[[0;32m  OK  [0m] Started Login Service.
[[0;32m  OK  [0m] Started Authenticate and Authorize Users to Run Privileged Tasks.
[[0;32m  OK  [0m] Started Accounts Service.
[[0;32m  OK  [0m] Started LSB: Set the CPU Frequency Scaling governor to "ondemand".
[[0;32m  OK  [0m] Started LSB: daemon to balance interrupts for SMP systems.
[[0;32m  OK  [0m] Started LSB: automatic crash report generation.
[[0;32m  OK  [0m] Started LSB: VirtualBox Linux Additions.
         Starting Terminate Plymouth Boot Screen...
         Starting Hold until boot process finishes up...
[[0;32m  OK  [0m] Started Terminate Plymouth Boot Screen.
[[0;32m  OK  [0m] Started Hold until boot process finishes up.
[[0;32m  OK  [0m] Started Getty on tty1.
         Starting Set console scheme...
[[0;32m  OK  [0m] Started Serial Getty on ttyS0.
[[0;32m  OK  [0m] Reached target Login Prompts.
[[0;32m  OK  [0m] Reached target Multi-User System.
[[0;32m  OK  [0m] Reached target Graphical Interface.
         Starting Update UTMP about System Runlevel Changes...
[[0;32m  OK  [0m] Started Set console scheme.
[[0;32m  OK  [0m] Started Update UTMP about System Runlevel Changes.
[   31.482944] cloud-init[1102]:   en_US.UTF-8... done
[   31.516886] cloud-init[1102]: Generation complete.
         Stopping OpenBSD Secure Shell server...
[[0;32m  OK  [0m] Stopped OpenBSD Secure Shell server.
         Starting OpenBSD Secure Shell server...
[[0;32m  OK  [0m] Started OpenBSD Secure Shell server.
[   32.709889] cloud-init[1102]: Cloud-init v. 0.7.9 running 'modules:config' at Mon, 17 Jul 2017 15:01:17 +0000. Up 30.08 seconds.
[[0;32m  OK  [0m] Started Apply the settings specified in cloud-config.
[[0;32m  OK  [0m] Created slice User Slice of ubuntu.
         Starting User Manager for UID 1000...
         Starting Execute cloud user/final scripts...
[[0;32m  OK  [0m] Started Session 1 of user ubuntu.
[[0;32m  OK  [0m] Started User Manager for UID 1000.
ci-info: no authorized ssh keys fingerprints found for user ubuntu.
<14>Jul 17 15:01:20 ec2: 
<14>Jul 17 15:01:20 ec2: #############################################################
<14>Jul 17 15:01:20 ec2: -----BEGIN SSH HOST KEY FINGERPRINTS-----
<14>Jul 17 15:01:20 ec2: 1024 SHA256:fyrNph/Oqy5puBvl1DLOMx2UwIOMZI61AbJd3URHJg0 root@ubuntu-xenial (DSA)
<14>Jul 17 15:01:20 ec2: 256 SHA256:VyAjEyjUCaHQV0ETfEOOo9zIZsJ+e3mxO8vdvojI+q0 root@ubuntu-xenial (ECDSA)
<14>Jul 17 15:01:20 ec2: 256 SHA256:JzdIMe/703Xh+gno9kTRZv7EApVTlTsvC9i82bLQy3E root@ubuntu-xenial (ED25519)
<14>Jul 17 15:01:20 ec2: 2048 SHA256:HdQZlk5snX92jMeUafC1m5r3pOXexJFpt6QK6dG11BY root@ubuntu-xenial (RSA)
<14>Jul 17 15:01:20 ec2: -----END SSH HOST KEY FINGERPRINTS-----
<14>Jul 17 15:01:20 ec2: #############################################################
-----BEGIN SSH HOST KEY KEYS-----
ecdsa-sha2-nistp256 AAAAE2VjZHNhLXNoYTItbmlzdHAyNTYAAAAIbmlzdHAyNTYAAABBBPX77JxyvtUF8Gb72RkWQm8X8HPGXgvSA2WSbpUx28yfBTsqKWF4GYOnyUKoPCu7XWNpWNR4eIfzjG3KRpI3khk= root@ubuntu-xenial
ssh-ed25519 AAAAC3NzaC1lZDI1NTE5AAAAIO42+S+VjzAY2gI7fgjMh1yymOp9ppHwiFyUk6JXRcm0 root@ubuntu-xenial
ssh-rsa AAAAB3NzaC1yc2EAAAADAQABAAABAQCwq0Qaius/yvmMngp+MI6BS4wOBvOZy4XISTWdgEllJajFyzaiK9dClwAVfPNZNgw+915oImLlcZ5jFjoP5UhDTyHQfb/Fa9iXlgJLzfCI4yYJyHIdGAKvcrjop6jXE28+079Egpu37tvQ1eQ0ptSAGMywZuQ9Ftb02ozfL0pp+60lzEtTj6Px4wYN9M2l2LQ/ZOhr5XvOwRx2mMWQja9eHhn/+/zptGD77Erv6L65YtF7JV0pKPOEmAJ7ibqGVfKv6veSB0fCLEfvn/Oisq4hPJBz3VdZi+iKN9RQqTVjw57NAyxXf90u2Ilub/FdjPA1o9fxbELmMz4qPbNhIgzf root@ubuntu-xenial
-----END SSH HOST KEY KEYS-----
[   34.150660] cloud-init[1317]: Cloud-init v. 0.7.9 running 'modules:final' at Mon, 17 Jul 2017 15:01:20 +0000. Up 33.37 seconds.
[   34.202838] cloud-init[1317]: ci-info: no authorized ssh keys fingerprints found for user ubuntu.
[   34.208771] cloud-init[1317]: Cloud-init v. 0.7.9 finished at Mon, 17 Jul 2017 15:01:21 +0000. Datasource DataSourceNoCloud [seed=/dev/sdb][dsmode=net].  Up 34.13 seconds
[[0;32m  OK  [0m] Started Execute cloud user/final scripts.
[[0;32m  OK  [0m] Reached target Cloud-init target.

Ubuntu 16.04.2 LTS ubuntu-xenial ttyS0

ubuntu-xenial login: 